../Core/Src/main.c:82:7:HAL_CAN_RxFifo1MsgPendingCallback	16	static
../Core/Src/main.c:99:7:HAL_CAN_RxFifo1FullCallback	16	static
../Core/Src/main.c:123:5:main	16	static
../Core/Src/main.c:267:6:SystemClock_Config	88	static
../Core/Src/main.c:313:13:MX_CAN1_Init	48	static
../Core/Src/main.c:366:13:MX_I2C1_Init	8	static
../Core/Src/main.c:400:13:MX_I2S3_Init	8	static
../Core/Src/main.c:434:13:MX_SPI1_Init	8	static
../Core/Src/main.c:472:13:MX_GPIO_Init	56	static
../Core/Src/main.c:584:6:Error_Handler	4	static,ignoring_inline_asm
